-- The C compiler identification is GNU 13.3.0
-- The CXX compiler identification is GNU 13.3.0
-- Detecting C compiler ABI info
-- Detecting C compiler ABI info - done
-- Check for working C compiler: /usr/bin/cc - skipped
-- Detecting C compile features
-- Detecting C compile features - done
-- Detecting CXX compiler ABI info
-- Detecting CXX compiler ABI info - done
-- Check for working CXX compiler: /usr/bin/c++ - skipped
-- Detecting CXX compile features
-- Detecting CXX compile features - done
-- Looking for __asan_init in asan
-- Looking for __asan_init in asan - found
-- Looking for __ubsan_handle_add_overflow in ubsan
-- Looking for __ubsan_handle_add_overflow in ubsan - found
-- [32m[1m[ OK ][0m Sanitizers (AddressSanitizer + UndefinedBehaviorSanitizer) są dostępne
-- [32m[1m[ OK ][0m Katalog do zbudowanego projektu: [34m/tmp/tmp37it6wef/student/build[0m
-- [32m[1m[ OK ][0m  + Znaleziono nagłówki: [34m/tmp/tmp37it6wef/student/bullet.h;/tmp/tmp37it6wef/student/direction.h;/tmp/tmp37it6wef/student/enemy.h;/tmp/tmp37it6wef/student/engine.h;/tmp/tmp37it6wef/student/object.h;/tmp/tmp37it6wef/student/player.h;/tmp/tmp37it6wef/student/position.h;/tmp/tmp37it6wef/student/stage.h[0m
-- [32m[1m[ OK ][0m  + Znaleziono źródła: [34m/tmp/tmp37it6wef/student/enemy.cpp;/tmp/tmp37it6wef/student/engine.cpp;/tmp/tmp37it6wef/student/main.cpp;/tmp/tmp37it6wef/student/object.cpp;/tmp/tmp37it6wef/student/stage.cpp[0m
-- [32m[1m[ OK ][0m  + Znaleziono źródła bez main.cpp: [34m/tmp/tmp37it6wef/student/enemy.cpp;/tmp/tmp37it6wef/student/engine.cpp;/tmp/tmp37it6wef/student/object.cpp;/tmp/tmp37it6wef/student/stage.cpp[0m
-- [32m[1m[ OK ][0m valgrind found: [34m/usr/bin/valgrind[0m
-- [32m[1m[ OK ][0m cppcheck found: [34m/usr/local/bin/cppcheck[0m
-- Performing Test CMAKE_HAVE_LIBC_PTHREAD
-- Performing Test CMAKE_HAVE_LIBC_PTHREAD - Success
-- Found Threads: TRUE  
 + Znaleziono pliki testów: /tmp/tmp37it6wef/student/tests/bulletTests.cpp;/tmp/tmp37it6wef/student/tests/enemyTests.cpp;/tmp/tmp37it6wef/student/tests/engineTests.cpp;/tmp/tmp37it6wef/student/tests/objectTests.cpp;/tmp/tmp37it6wef/student/tests/playerTests.cpp
 + katalog nagłówków: 
-- Qt5/Qt6 not found: skipping 'game' target
-- Configuring done (1.0s)
-- Generating done (0.0s)
-- Build files have been written to: /tmp/tmp37it6wef/student/build
